src/lib/notion.ts(14,43): error TS2339: Property 'query' does not exist on type '{ retrieve: (args: WithAuth<GetDatabasePathParameters>) => Promise<GetDatabaseResponse>; create: (args: WithAuth<CreateDatabaseBodyParameters>) => Promise<...>; update: (args: WithAuth<...>) => Promise<...>; }'.
src/lib/notion.ts(37,43): error TS2339: Property 'query' does not exist on type '{ retrieve: (args: WithAuth<GetDatabasePathParameters>) => Promise<GetDatabaseResponse>; create: (args: WithAuth<CreateDatabaseBodyParameters>) => Promise<...>; update: (args: WithAuth<...>) => Promise<...>; }'.
